============================================================
  papers100M Benchmark
  Runs: 3  |  Inference nodes: 2048
  Results dir: experiment_results/gcp_benchmark
  Started: 2026-07-27T16:22:55.846161
============================================================

[Starting Neo4j for Neo4j training...]
  Neo4j started
  Neo4j is ready

============================================================
  TRAINING [java_neo4j] run 1
============================================================
  ✗ Failed (rc=-1) after 7200.2s
  tail: TIMEOUT

============================================================
  TRAINING [java_neo4j] run 2
============================================================
  ✗ Failed (rc=-1) after 7200.2s
  tail: TIMEOUT

============================================================
  TRAINING [java_neo4j] run 3
============================================================
  ✗ Failed (rc=-1) after 7200.2s
  tail: TIMEOUT

[Stopping Neo4j to free RAM for PyG inference...]
  Neo4j stoped

============================================================
  INFERENCE [pyg_in_memory] run 1 (2048 nodes)
============================================================
  ✗ Failed (rc=-1) after 3608.4s
  tail: TIMEOUT

============================================================
  INFERENCE [pyg_in_memory] run 2 (2048 nodes)
============================================================
  ✗ Failed (rc=1) after 10.1s
  tail:                ^^^^^^^^^^^^^^^^^^^^^^^^^^^^^^^^^^^^^^^^^^^^^^^
  File "/mnt/ssd/neo4j-mpgnn-thesis/.venv/lib/python3.12/site-packages/torch/serialization.py", line 1549, in load
    return _legacy_load(
           ^^^^^^^^^^^^^
  File "/mnt/ssd/neo4j-mpgnn-thesis/.venv/lib/python3.12/site-packages/torch/serialization.py", line 1797, in _legacy_load
    magic_number = pickle_module.load(f, **pickle_load_args)
                   ^^^^^^^^^^^^^^^^^^^^^^^^^^^^^^^^^^^^^^^^^
EOFError: Ran out of input


============================================================
  INFERENCE [pyg_in_memory] run 3 (2048 nodes)
============================================================
  ✗ Failed (rc=1) after 6.1s
  tail:                ^^^^^^^^^^^^^^^^^^^^^^^^^^^^^^^^^^^^^^^^^^^^^^^
  File "/mnt/ssd/neo4j-mpgnn-thesis/.venv/lib/python3.12/site-packages/torch/serialization.py", line 1549, in load
    return _legacy_load(
           ^^^^^^^^^^^^^
  File "/mnt/ssd/neo4j-mpgnn-thesis/.venv/lib/python3.12/site-packages/torch/serialization.py", line 1797, in _legacy_load
    magic_number = pickle_module.load(f, **pickle_load_args)
                   ^^^^^^^^^^^^^^^^^^^^^^^^^^^^^^^^^^^^^^^^^
EOFError: Ran out of input


[Starting Neo4j for Neo4j inference...]
  Neo4j started
  Neo4j is ready

============================================================
  INFERENCE [neo4j: neighborhood_sampling+in_db_java] run 1 (2048 nodes)
============================================================
  ✓ Completed in 114.8s

============================================================
  INFERENCE [neo4j: neighborhood_sampling+in_db_java] run 2 (2048 nodes)
============================================================
  ✓ Completed in 82.3s

============================================================
  INFERENCE [neo4j: neighborhood_sampling+in_db_java] run 3 (2048 nodes)
============================================================
  ✓ Completed in 81.1s

============================================================
  RESULTS SUMMARY
============================================================

  TRAINING:
    pyg_in_memory: SKIPPED
    neo4j_java: ERROR

  INFERENCE:
    pyg_in_memory: ERROR
    neo4j:
      neighborhood_sampling: ERROR
      in_db_java: ERROR

  Results → experiment_results/gcp_benchmark/results_summary.json
  Finished: 2026-07-27T23:28:38.319929
