/mnt/ssd/neo4j-mpgnn-thesis/data/ogbn-papers100M/ingest.py:151: DeprecationWarning: Conversion of an array with ndim > 0 to a scalar is deprecated, and will error in future. Ensure you extract a single element from your array before performing this operation. (Deprecated NumPy 1.25.)
  "subject": -1 if np.isnan(labels[i]) else int(labels[i]),
Loading split info from CSV files...
Dataset: 111,059,956 nodes, 1,615,685,872 edges
Loading node labels...
Building split lookup...
Index on Paper.id ensured.
Ingesting 111,059,956 nodes in batches of 50,000...
  Nodes 0–50,000 done
  Nodes 500,000–550,000 done
  Nodes 1,000,000–1,050,000 done
  Nodes 1,500,000–1,550,000 done
  Nodes 2,000,000–2,050,000 done
  Nodes 2,500,000–2,550,000 done
  Nodes 3,000,000–3,050,000 done
  Nodes 3,500,000–3,550,000 done
  Nodes 4,000,000–4,050,000 done
  Nodes 4,500,000–4,550,000 done
  Nodes 5,000,000–5,050,000 done
  Nodes 5,500,000–5,550,000 done
  Nodes 6,000,000–6,050,000 done
  Nodes 6,500,000–6,550,000 done
  Nodes 7,000,000–7,050,000 done
  Nodes 7,500,000–7,550,000 done
  Nodes 8,000,000–8,050,000 done
  Nodes 8,500,000–8,550,000 done
  Nodes 9,000,000–9,050,000 done
  Nodes 9,500,000–9,550,000 done
  Nodes 10,000,000–10,050,000 done
  Nodes 10,500,000–10,550,000 done
  Nodes 11,000,000–11,050,000 done
  Nodes 11,500,000–11,550,000 done
  Nodes 12,000,000–12,050,000 done
  Nodes 12,500,000–12,550,000 done
  Nodes 13,000,000–13,050,000 done
  Nodes 13,500,000–13,550,000 done
  Nodes 14,000,000–14,050,000 done
  Nodes 14,500,000–14,550,000 done
  Nodes 15,000,000–15,050,000 done
  Nodes 15,500,000–15,550,000 done
  Nodes 16,000,000–16,050,000 done
  Nodes 16,500,000–16,550,000 done
  Nodes 17,000,000–17,050,000 done
  Nodes 17,500,000–17,550,000 done
  Nodes 18,000,000–18,050,000 done
  Nodes 18,500,000–18,550,000 done
  Nodes 19,000,000–19,050,000 done
  Nodes 19,500,000–19,550,000 done
  Nodes 20,000,000–20,050,000 done
  Nodes 20,500,000–20,550,000 done
  Nodes 21,000,000–21,050,000 done
  Nodes 21,500,000–21,550,000 done
  Nodes 22,000,000–22,050,000 done
  Nodes 22,500,000–22,550,000 done
  Nodes 23,000,000–23,050,000 done
  Nodes 23,500,000–23,550,000 done
  Nodes 24,000,000–24,050,000 done
  Nodes 24,500,000–24,550,000 done
  Nodes 25,000,000–25,050,000 done
  Nodes 25,500,000–25,550,000 done
  Nodes 26,000,000–26,050,000 done
  Nodes 26,500,000–26,550,000 done
  Nodes 27,000,000–27,050,000 done
  Nodes 27,500,000–27,550,000 done
  Nodes 28,000,000–28,050,000 done
  Nodes 28,500,000–28,550,000 done
  Nodes 29,000,000–29,050,000 done
  Nodes 29,500,000–29,550,000 done
  Nodes 30,000,000–30,050,000 done
  Nodes 30,500,000–30,550,000 done
  Nodes 31,000,000–31,050,000 done
  Nodes 31,500,000–31,550,000 done
  Nodes 32,000,000–32,050,000 done
  Nodes 32,500,000–32,550,000 done
  Nodes 33,000,000–33,050,000 done
  Nodes 33,500,000–33,550,000 done
  Nodes 34,000,000–34,050,000 done
  Nodes 34,500,000–34,550,000 done
  Nodes 35,000,000–35,050,000 done
  Nodes 35,500,000–35,550,000 done
  Nodes 36,000,000–36,050,000 done
  Nodes 36,500,000–36,550,000 done
  Nodes 37,000,000–37,050,000 done
  Nodes 37,500,000–37,550,000 done
  Nodes 38,000,000–38,050,000 done
  Nodes 38,500,000–38,550,000 done
  Nodes 39,000,000–39,050,000 done
  Nodes 39,500,000–39,550,000 done
  Nodes 40,000,000–40,050,000 done
  Nodes 40,500,000–40,550,000 done
  Nodes 41,000,000–41,050,000 done
  Nodes 41,500,000–41,550,000 done
  Nodes 42,000,000–42,050,000 done
  Nodes 42,500,000–42,550,000 done
  Nodes 43,000,000–43,050,000 done
  Nodes 43,500,000–43,550,000 done
  Nodes 44,000,000–44,050,000 done
  Nodes 44,500,000–44,550,000 done
  Nodes 45,000,000–45,050,000 done
  Nodes 45,500,000–45,550,000 done
  Nodes 46,000,000–46,050,000 done
  Nodes 46,500,000–46,550,000 done
  Nodes 47,000,000–47,050,000 done
  Nodes 47,500,000–47,550,000 done
  Nodes 48,000,000–48,050,000 done
  Nodes 48,500,000–48,550,000 done
  Nodes 49,000,000–49,050,000 done
  Nodes 49,500,000–49,550,000 done
  Nodes 50,000,000–50,050,000 done
  Nodes 50,500,000–50,550,000 done
  Nodes 51,000,000–51,050,000 done
  Nodes 51,500,000–51,550,000 done
  Nodes 52,000,000–52,050,000 done
  Nodes 52,500,000–52,550,000 done
  Nodes 53,000,000–53,050,000 done
  Nodes 53,500,000–53,550,000 done
  Nodes 54,000,000–54,050,000 done
  Nodes 54,500,000–54,550,000 done
  Nodes 55,000,000–55,050,000 done
  Nodes 55,500,000–55,550,000 done
  Nodes 56,000,000–56,050,000 done
  Nodes 56,500,000–56,550,000 done
  Nodes 57,000,000–57,050,000 done
  Nodes 57,500,000–57,550,000 done
  Nodes 58,000,000–58,050,000 done
  Nodes 58,500,000–58,550,000 done
  Nodes 59,000,000–59,050,000 done
  Nodes 59,500,000–59,550,000 done
  Nodes 60,000,000–60,050,000 done
  Nodes 60,500,000–60,550,000 done
  Nodes 61,000,000–61,050,000 done
  Nodes 61,500,000–61,550,000 done
  Nodes 62,000,000–62,050,000 done
  Nodes 62,500,000–62,550,000 done
  Nodes 63,000,000–63,050,000 done
  Nodes 63,500,000–63,550,000 done
  Nodes 64,000,000–64,050,000 done
  Nodes 64,500,000–64,550,000 done
  Nodes 65,000,000–65,050,000 done
  Nodes 65,500,000–65,550,000 done
  Nodes 66,000,000–66,050,000 done
  Nodes 66,500,000–66,550,000 done
  Nodes 67,000,000–67,050,000 done
  Nodes 67,500,000–67,550,000 done
  Nodes 68,000,000–68,050,000 done
  Nodes 68,500,000–68,550,000 done
  Nodes 69,000,000–69,050,000 done
  Nodes 69,500,000–69,550,000 done
  Nodes 70,000,000–70,050,000 done
  Nodes 70,500,000–70,550,000 done
  Nodes 71,000,000–71,050,000 done
  Nodes 71,500,000–71,550,000 done
  Nodes 72,000,000–72,050,000 done
  Nodes 72,500,000–72,550,000 done
  Nodes 73,000,000–73,050,000 done
  Nodes 73,500,000–73,550,000 done
  Nodes 74,000,000–74,050,000 done
  Nodes 74,500,000–74,550,000 done
  Nodes 75,000,000–75,050,000 done
  Nodes 75,500,000–75,550,000 done
  Nodes 76,000,000–76,050,000 done
  Nodes 76,500,000–76,550,000 done
  Nodes 77,000,000–77,050,000 done
  Nodes 77,500,000–77,550,000 done
  Nodes 78,000,000–78,050,000 done
  Nodes 78,500,000–78,550,000 done
  Nodes 79,000,000–79,050,000 done
  Nodes 79,500,000–79,550,000 done
  Nodes 80,000,000–80,050,000 done
  Nodes 80,500,000–80,550,000 done
  Nodes 81,000,000–81,050,000 done
  Nodes 81,500,000–81,550,000 done
  Nodes 82,000,000–82,050,000 done
  Nodes 82,500,000–82,550,000 done
  Nodes 83,000,000–83,050,000 done
  Nodes 83,500,000–83,550,000 done
  Nodes 84,000,000–84,050,000 done
  Nodes 84,500,000–84,550,000 done
  Nodes 85,000,000–85,050,000 done
  Nodes 85,500,000–85,550,000 done
  Nodes 86,000,000–86,050,000 done
  Nodes 86,500,000–86,550,000 done
  Nodes 87,000,000–87,050,000 done
  Nodes 87,500,000–87,550,000 done
  Nodes 88,000,000–88,050,000 done
  Nodes 88,500,000–88,550,000 done
  Nodes 89,000,000–89,050,000 done
  Nodes 89,500,000–89,550,000 done
  Nodes 90,000,000–90,050,000 done
  Nodes 90,500,000–90,550,000 done
  Nodes 91,000,000–91,050,000 done
  Nodes 91,500,000–91,550,000 done
  Nodes 92,000,000–92,050,000 done
  Nodes 92,500,000–92,550,000 done
  Nodes 93,000,000–93,050,000 done
  Nodes 93,500,000–93,550,000 done
  Nodes 94,000,000–94,050,000 done
  Nodes 94,500,000–94,550,000 done
  Nodes 95,000,000–95,050,000 done
  Nodes 95,500,000–95,550,000 done
  Nodes 96,000,000–96,050,000 done
  Nodes 96,500,000–96,550,000 done
  Nodes 97,000,000–97,050,000 done
  Nodes 97,500,000–97,550,000 done
  Nodes 98,000,000–98,050,000 done
  Nodes 98,500,000–98,550,000 done
  Nodes 99,000,000–99,050,000 done
  Nodes 99,500,000–99,550,000 done
  Nodes 100,000,000–100,050,000 done
  Nodes 100,500,000–100,550,000 done
  Nodes 101,000,000–101,050,000 done
  Nodes 101,500,000–101,550,000 done
  Nodes 102,000,000–102,050,000 done
  Nodes 102,500,000–102,550,000 done
  Nodes 103,000,000–103,050,000 done
  Nodes 103,500,000–103,550,000 done
  Nodes 104,000,000–104,050,000 done
  Nodes 104,500,000–104,550,000 done
  Nodes 105,000,000–105,050,000 done
  Nodes 105,500,000–105,550,000 done
  Nodes 106,000,000–106,050,000 done
  Nodes 106,500,000–106,550,000 done
  Nodes 107,000,000–107,050,000 done
  Nodes 107,500,000–107,550,000 done
  Nodes 108,000,000–108,050,000 done
  Nodes 108,500,000–108,550,000 done
  Nodes 109,000,000–109,050,000 done
  Nodes 109,500,000–109,550,000 done
  Nodes 110,000,000–110,050,000 done
  Nodes 110,500,000–110,550,000 done
  Nodes 111,000,000–111,050,000 done
Loading edge index...
  Loading edge index into RAM (~25.8 GB uncompressed)...
Ingesting 1,615,685,872 edges in batches of 200,000...
  Edges 0–200,000 done
  Edges 50,000,000–50,200,000 done
  Edges 100,000,000–100,200,000 done
  Edges 150,000,000–150,200,000 done
  Edges 200,000,000–200,200,000 done
  Edges 250,000,000–250,200,000 done
  Edges 300,000,000–300,200,000 done
  Edges 350,000,000–350,200,000 done
  Edges 400,000,000–400,200,000 done
  Edges 450,000,000–450,200,000 done
  Edges 500,000,000–500,200,000 done
  Edges 550,000,000–550,200,000 done
  Edges 600,000,000–600,200,000 done
  Edges 650,000,000–650,200,000 done
  Edges 700,000,000–700,200,000 done
  Edges 750,000,000–750,200,000 done
  Edges 800,000,000–800,200,000 done
  Edges 850,000,000–850,200,000 done
  Edges 900,000,000–900,200,000 done
  Edges 950,000,000–950,200,000 done
  Edges 1,000,000,000–1,000,200,000 done
  Edges 1,050,000,000–1,050,200,000 done
  Edges 1,100,000,000–1,100,200,000 done
  Edges 1,150,000,000–1,150,200,000 done
  Edges 1,200,000,000–1,200,200,000 done
  Edges 1,250,000,000–1,250,200,000 done
  Edges 1,300,000,000–1,300,200,000 done
  Edges 1,350,000,000–1,350,200,000 done
  Edges 1,400,000,000–1,400,200,000 done
  Edges 1,450,000,000–1,450,200,000 done
  Edges 1,500,000,000–1,500,200,000 done
  Edges 1,550,000,000–1,550,200,000 done
  Edges 1,600,000,000–1,600,200,000 done
Ingestion complete!
